// Jest Snapshot v1, https://goo.gl/fbAQLP

exports[`Blog component renders the UI as expected 1`] = `
<main>
  <h2>
    Blog
  </h2>
  <article>
    <h3>
      Est labore laborum ipsum culpa elit quis.
    </h3>
    <p>
      Nisi enim adipisicing elit fugiat amet fugiat sunt. Ex elit adipisicing cillum anim ea cupidatat deserunt aute excepteur nulla exercitation sint ullamco in. Anim mollit id aliquip fugiat ea incididunt culpa commodo consectetur esse exercitation anim. Duis reprehenderit ex exercitation irure id enim commodo reprehenderit duis ipsum. Labore non exercitation proident ullamco mollit minim cupidatat excepteur ut ut laboris adipisicing.
    </p>
  </article>
</main>
`;
