// Jest Snapshot v1, https://goo.gl/fbAQLP

exports[`Dictionary component renders the UI as expected 1`] = `
<Router
  history={
    Object {
      "action": "POP",
      "block": [Function],
      "createHref": [Function],
      "go": [Function],
      "goBack": [Function],
      "goForward": [Function],
      "length": 1,
      "listen": [Function],
      "location": Object {
        "hash": "",
        "pathname": "/",
        "search": "",
        "state": undefined,
      },
      "push": [Function],
      "replace": [Function],
    }
  }
>
  <Dictionary
    location={
      Object {
        "search": "",
      }
    }
    match={
      Object {
        "params": Object {
          "word": "",
        },
      }
    }
  />
</Router>
`;
